[lamasspharma.godaddysites.com/index.html]
[backblue.gif]
[fade.gif]
[index.html]
[lamasspharma.godaddysites.com/manifest.webmanifest]
[lamasspharma.godaddysites.com/sw.js]
[lamasspharma.godaddysites.com/services.html]
[lamasspharma.godaddysites.com/about-us.html]
[lamasspharma.godaddysites.com/contact-us.html]
[lamasspharma.godaddysites.com/privacy-policy.html]
[img1.wsimg.com/blobby/go/b658bed7-3940-4ef9-93ce-7e9803230ae4/gpub/b9fac75510709668/script.js]
[img1.wsimg.com/blobby/go/b658bed7-3940-4ef9-93ce-7e9803230ae4/gpub/201551018f5179dd/script.js]
[lamasspharma.godaddysites.com/index.html]
[img1.wsimg.com/blobby/go/b658bed7-3940-4ef9-93ce-7e9803230ae4/gpub/21f86669dc211142/script.js]
[lamasspharma.godaddysites.com/services.html]
[img1.wsimg.com/blobby/go/b658bed7-3940-4ef9-93ce-7e9803230ae4/gpub/e41bca8fce6d879c/script.js]
[img1.wsimg.com/signals/js/clients/scc-c2/scc-c2.min.js]
[lamasspharma.godaddysites.com/about-us.html]
[img1.wsimg.com/blobby/go/b658bed7-3940-4ef9-93ce-7e9803230ae4/gpub/e3bf3199959dae8a/script.js]
[img1.wsimg.com/blobby/go/b658bed7-3940-4ef9-93ce-7e9803230ae4/gpub/2f2245802b70153a/script.js]
[lamasspharma.godaddysites.com/contact-us.html]
[img1.wsimg.com/blobby/go/b658bed7-3940-4ef9-93ce-7e9803230ae4/gpub/ab6c9fa554a1689f/script.js]
[img1.wsimg.com/blobby/go/b658bed7-3940-4ef9-93ce-7e9803230ae4/gpub/2ce023d52086c29/script.js]
[lamasspharma.godaddysites.com/privacy-policy.html]
[img1.wsimg.com/blobby/go/b658bed7-3940-4ef9-93ce-7e9803230ae4/gpub/2d5bcef29fe68bc7/script.js]
[img1.wsimg.com/blobby/go/b658bed7-3940-4ef9-93ce-7e9803230ae4/gpub/480c2eed5a65bf34/script.js]
[img1.wsimg.com/ceph-p3-01/website-builder-data-prod/static/widgets/UX.4.43.0.js]
